0|8:1|import|import
1|8:8|StringLiteral|"./extern.orb"
2|9:1|import|import
3|9:8|StringLiteral|"./frontend/frontend.orb"
4|10:1|import|import
5|10:8|StringLiteral|"./pipeline.orb"
6|12:1|fn|fn
7|12:4|Identifier|frontendOutputPath
8|12:22|(|(
9|12:23|)|)
10|12:25|->|->
11|12:28|Identifier|string
12|12:35|{|{
13|13:5|var|var
14|13:9|Identifier|i
15|13:11|=|=
16|13:13|IntegerLiteral|2
17|14:5|while|while
18|14:11|Identifier|true
19|14:16|{|{
20|15:9|val|val
21|15:13|Identifier|a
22|15:15|=|=
23|15:17|Identifier|orbit_os_argv_selfhost
24|15:39|(|(
25|15:40|Identifier|i
26|15:41|)|)
27|16:9|if|if
28|16:12|Identifier|a
29|16:14|==|==
30|16:17|StringLiteral|""
31|16:20|{|{
32|16:22|break|break
33|16:28|}|}
34|17:9|if|if
35|17:12|Identifier|a
36|17:14|==|==
37|17:17|StringLiteral|"-o"
38|17:22|{|{
39|18:13|val|val
40|18:17|Identifier|next
41|18:22|=|=
42|18:24|Identifier|orbit_os_argv_selfhost
43|18:46|(|(
44|18:47|Identifier|i
45|18:49|+|+
46|18:51|IntegerLiteral|1
47|18:52|)|)
48|19:13|if|if
49|19:16|Identifier|next
50|19:21|!=|!=
51|19:24|StringLiteral|""
52|19:27|{|{
53|19:29|return|return
54|19:36|Identifier|next
55|19:41|}|}
56|20:9|}|}
57|21:9|Identifier|i
58|21:11|=|=
59|21:13|Identifier|i
60|21:15|+|+
61|21:17|IntegerLiteral|1
62|22:5|}|}
63|23:5|return|return
64|23:12|StringLiteral|"orbit.tir"
65|24:1|}|}
66|26:1|fn|fn
67|26:4|Identifier|runLexTrace
68|26:15|(|(
69|26:16|)|)
70|26:18|{|{
71|27:5|val|val
72|27:9|Identifier|inputPath
73|27:19|=|=
74|27:21|Identifier|orbit_os_argv_selfhost
75|27:43|(|(
76|27:44|IntegerLiteral|2
77|27:45|)|)
78|28:5|val|val
79|28:9|Identifier|source
80|28:16|=|=
81|28:18|Identifier|orbit_file_read_selfhost
82|28:42|(|(
83|28:43|Identifier|inputPath
84|28:52|)|)
85|29:5|val|val
86|29:9|Identifier|lexer
87|29:15|=|=
88|29:17|Identifier|initLexer
89|29:26|(|(
90|29:27|Identifier|source
91|29:33|)|)
92|30:5|var|var
93|30:9|Identifier|i
94|30:11|=|=
95|30:13|IntegerLiteral|0
96|31:5|while|while
97|31:11|Identifier|i
98|31:13|<|<
99|31:15|IntegerLiteral|2000
100|31:20|{|{
101|32:9|val|val
102|32:13|Identifier|tok
103|32:17|=|=
104|32:19|Identifier|nextToken
105|32:28|(|(
106|32:29|Identifier|lexer
107|32:34|)|)
108|33:9|Identifier|print
109|33:14|(|(
110|33:15|Identifier|orbit_int_to_string_selfhost
111|33:43|(|(
112|33:44|Identifier|i
113|33:45|)|)
114|33:46|)|)
115|34:9|Identifier|print
116|34:14|(|(
117|34:15|Identifier|orbit_int_to_string_selfhost
118|34:43|(|(
119|34:44|Identifier|tok
120|34:47|.|.
121|34:48|Identifier|line
122|34:52|)|)
123|34:53|)|)
124|35:9|Identifier|print
125|35:14|(|(
126|35:15|Identifier|orbit_int_to_string_selfhost
127|35:43|(|(
128|35:44|Identifier|tok
129|35:47|.|.
130|35:48|Identifier|col
131|35:51|)|)
132|35:52|)|)
133|36:9|Identifier|print
134|36:14|(|(
135|36:15|Identifier|orbit_int_to_string_selfhost
136|36:43|(|(
137|36:44|Identifier|tok
138|36:47|.|.
139|36:48|Identifier|tag
140|36:51|)|)
141|36:52|)|)
142|37:9|if|if
143|37:12|Identifier|tok
144|37:15|.|.
145|37:16|Identifier|tag
146|37:20|==|==
147|37:23|Identifier|TokType
148|37:30|.|.
149|37:31|Identifier|EOF
150|37:35|{|{
151|38:13|break|break
152|39:9|}|}
153|40:9|Identifier|i
154|40:11|=|=
155|40:13|Identifier|i
156|40:15|+|+
157|40:17|IntegerLiteral|1
158|41:5|}|}
159|42:1|}|}
160|44:1|fn|fn
161|44:4|Identifier|runFrontend
162|44:15|(|(
163|44:16|)|)
164|44:18|{|{
165|45:5|val|val
166|45:9|Identifier|inputPath
167|45:19|=|=
168|45:21|Identifier|orbit_os_argv_selfhost
169|45:43|(|(
170|45:44|IntegerLiteral|2
171|45:45|)|)
172|46:5|if|if
173|46:8|Identifier|inputPath
174|46:18|==|==
175|46:21|StringLiteral|""
176|46:24|{|{
177|47:9|Identifier|print
178|47:14|(|(
179|47:15|StringLiteral|"Usage: orbit frontend <input.orb> [-o output.tir]"
180|47:66|)|)
181|48:9|Identifier|orbit_os_exit_selfhost
182|48:31|(|(
183|48:32|IntegerLiteral|1
184|48:33|)|)
185|49:9|return|return
186|50:5|}|}
187|52:5|val|val
188|52:9|Identifier|source
189|52:16|=|=
190|52:18|Identifier|orbit_file_read_selfhost
191|52:42|(|(
192|52:43|Identifier|inputPath
193|52:52|)|)
194|53:5|if|if
195|53:8|Identifier|source
196|53:15|==|==
197|53:18|StringLiteral|""
198|53:21|{|{
199|54:9|Identifier|print
200|54:14|(|(
201|54:15|StringLiteral|"Frontend failed: could not read input file: "
202|54:62|+|+
203|54:64|Identifier|inputPath
204|54:73|)|)
205|55:9|Identifier|orbit_os_exit_selfhost
206|55:31|(|(
207|55:32|IntegerLiteral|1
208|55:33|)|)
209|56:9|return|return
210|57:5|}|}
211|59:5|val|val
212|59:9|Identifier|output
213|59:16|=|=
214|59:18|Identifier|compileFrontendSource
215|59:39|(|(
216|59:40|Identifier|inputPath
217|59:49|,|,
218|59:51|Identifier|source
219|59:57|)|)
220|60:5|if|if
221|60:8|Identifier|output
222|60:15|==|==
223|60:18|StringLiteral|""
224|60:21|{|{
225|61:9|Identifier|print
226|61:14|(|(
227|61:15|StringLiteral|"Frontend failed: no TIR emitted because diagnostics contain errors."
228|61:84|)|)
229|62:9|Identifier|orbit_os_exit_selfhost
230|62:31|(|(
231|62:32|IntegerLiteral|1
232|62:33|)|)
233|63:9|return|return
234|64:5|}|}
235|66:5|val|val
236|66:9|Identifier|outputPath
237|66:20|=|=
238|66:22|Identifier|frontendOutputPath
239|66:40|(|(
240|66:41|)|)
241|67:5|if|if
242|67:8|Identifier|orbit_file_write_selfhost
243|67:33|(|(
244|67:34|Identifier|outputPath
245|67:44|,|,
246|67:46|Identifier|output
247|67:52|)|)
248|67:54|==|==
249|67:57|Identifier|false
250|67:63|{|{
251|68:9|Identifier|print
252|68:14|(|(
253|68:15|StringLiteral|"Unable to write TIR output."
254|68:44|)|)
255|69:9|Identifier|orbit_os_exit_selfhost
256|69:31|(|(
257|69:32|IntegerLiteral|1
258|69:33|)|)
259|70:9|return|return
260|71:5|}|}
261|72:5|Identifier|print
262|72:10|(|(
263|72:11|StringLiteral|"[frontend] wrote canonical TIR: "
264|72:46|+|+
265|72:48|Identifier|outputPath
266|72:58|)|)
267|73:1|}|}
268|75:1|fn|fn
269|75:4|Identifier|runBootstrap
270|75:16|(|(
271|75:17|)|)
272|75:19|{|{
273|76:5|Identifier|print
274|76:10|(|(
275|76:11|StringLiteral|"[bootstrap] Starting Orbit Multi-Stage Bootstrap Pipeline"
276|76:70|)|)
277|77:5|var|var
278|77:9|Identifier|hostCompiler
279|77:22|=|=
280|77:24|Identifier|orbit_os_env_selfhost
281|77:45|(|(
282|77:46|StringLiteral|"ORBIT_HOST_COMPILER"
283|77:67|)|)
284|78:5|if|if
285|78:8|Identifier|hostCompiler
286|78:21|==|==
287|78:24|StringLiteral|""
288|78:27|{|{
289|79:9|Identifier|hostCompiler
290|79:22|=|=
291|79:24|StringLiteral|"orbit.exe"
292|80:5|}|}
293|82:5|val|val
294|82:9|Identifier|stage1Cmd
295|82:19|=|=
296|82:21|StringLiteral|"\""
297|82:26|+|+
298|82:28|Identifier|hostCompiler
299|82:41|+|+
300|82:43|StringLiteral|"\" build \"compiler/main.orb\" -o \"zig-out/stage1_orbit.exe\" --backend=steel"
301|83:5|Identifier|print
302|83:10|(|(
303|83:11|StringLiteral|"[bootstrap Stage 1] Building Stage 1 compiler..."
304|83:61|)|)
305|84:5|val|val
306|84:9|Identifier|s1Out
307|84:15|=|=
308|84:17|Identifier|orbit_os_exec_selfhost
309|84:39|(|(
310|84:40|Identifier|stage1Cmd
311|84:49|)|)
312|85:5|Identifier|print
313|85:10|(|(
314|85:11|Identifier|s1Out
315|85:16|)|)
316|86:5|if|if
317|86:8|Identifier|s1Out
318|86:13|.|.
319|86:14|Identifier|indexOf
320|86:21|(|(
321|86:22|StringLiteral|"FAILED"
322|86:30|)|)
323|86:32|!=|!=
324|86:35|-|-
325|86:36|IntegerLiteral|1
326|86:38||||||
327|86:41|Identifier|s1Out
328|86:46|.|.
329|86:47|Identifier|indexOf
330|86:54|(|(
331|86:55|StringLiteral|"error:"
332|86:63|)|)
333|86:65|!=|!=
334|86:68|-|-
335|86:69|IntegerLiteral|1
336|86:71||||||
337|86:74|Identifier|s1Out
338|86:79|.|.
339|86:80|Identifier|indexOf
340|86:87|(|(
341|86:88|StringLiteral|"Error:"
342|86:96|)|)
343|86:98|!=|!=
344|86:101|-|-
345|86:102|IntegerLiteral|1
346|86:104|{|{
347|87:9|Identifier|print
348|87:14|(|(
349|87:15|StringLiteral|"[bootstrap] Stage 1 build FAILED"
350|87:49|)|)
351|88:9|Identifier|orbit_os_exit_selfhost
352|88:31|(|(
353|88:32|IntegerLiteral|1
354|88:33|)|)
355|89:9|return|return
356|90:5|}|}
357|92:5|val|val
358|92:9|Identifier|stage2Cmd
359|92:19|=|=
360|92:21|StringLiteral|"\"zig-out/stage1_orbit.exe\" build \"compiler/main.orb\" -o \"zig-out/stage2_orbit.exe\" --backend=steel"
361|93:5|Identifier|print
362|93:10|(|(
363|93:11|StringLiteral|"[bootstrap Stage 2] Building Stage 2 compiler using Stage 1..."
364|93:75|)|)
365|94:5|val|val
366|94:9|Identifier|s2Out
367|94:15|=|=
368|94:17|Identifier|orbit_os_exec_selfhost
369|94:39|(|(
370|94:40|Identifier|stage2Cmd
371|94:49|)|)
372|95:5|Identifier|print
373|95:10|(|(
374|95:11|Identifier|s2Out
375|95:16|)|)
376|96:5|if|if
377|96:8|Identifier|s2Out
378|96:13|.|.
379|96:14|Identifier|indexOf
380|96:21|(|(
381|96:22|StringLiteral|"FAILED"
382|96:30|)|)
383|96:32|!=|!=
384|96:35|-|-
385|96:36|IntegerLiteral|1
386|96:38||||||
387|96:41|Identifier|s2Out
388|96:46|.|.
389|96:47|Identifier|indexOf
390|96:54|(|(
391|96:55|StringLiteral|"error:"
392|96:63|)|)
393|96:65|!=|!=
394|96:68|-|-
395|96:69|IntegerLiteral|1
396|96:71||||||
397|96:74|Identifier|s2Out
398|96:79|.|.
399|96:80|Identifier|indexOf
