[selfhost] Self-hosted compiler pipeline starting
0
8
1
31
1
8
8
3
2
9
1
31
3
9
8
3
4
10
1
31
5
10
8
3
6
12
1
26
7
12
4
2
8
12
22
56
9
12
23
57
10
12
25
51
11
12
28
2
12
12
35
54
13
13
5
21
14
13
9
2
15
13
11
39
16
13
13
4
17
14
5
10
18
14
11
2
19
14
16
54
20
15
9
20
21
15
13
2
22
15
15
39
23
15
17
2
24
15
39
56
25
15
40
2
26
15
41
57
27
16
9
6
28
16
12
2
29
16
14
40
30
16
17
3
31
16
20
54
32
16
22
12
33
16
28
55
34
17
9
6
35
17
12
2
36
17
14
40
37
17
17
3
38
17
22
54
39
18
13
20
40
18
17
2
41
18
22
39
42
18
24
2
43
18
46
56
44
18
47
2
45
18
49
34
46
18
51
4
47
18
52
57
48
19
13
6
49
19
16
2
50
19
21
41
51
19
24
3
52
19
27
54
53
19
29
14
54
19
36
2
55
19
41
55
56
20
9
55
57
21
9
2
58
21
11
39
59
21
13
2
60
21
15
34
61
21
17
4
62
22
5
55
63
23
5
14
64
23
12
3
65
24
1
55
66
26
1
26
67
26
4
2
68
26
15
56
69
26
16
57
70
26
18
54
71
27
5
20
72
27
9
2
73
27
19
39
74
27
21
2
75
27
43
56
76
27
44
4
77
27
45
57
78
28
5
20
79
28
9
2
80
28
16
39
81
28
18
2
82
28
42
56
83
28
43
2
84
28
52
57
85
29
5
20
86
29
9
2
87
29
15
39
88
29
17
2
89
29
26
56
90
29
27
2
91
29
33
57
92
30
5
21
93
30
9
2
94
30
11
39
95
30
13
4
96
31
5
10
97
31
11
2
98
31
13
42
99
31
15
4
100
31
20
54
101
32
9
20
102
32
13
2
103
32
17
39
104
32
19
2
105
32
28
56
106
32
29
2
107
32
34
57
108
33
9
2
109
33
14
56
110
33
15
2
111
33
43
56
112
33
44
2
113
33
45
57
114
33
46
57
115
34
9
2
116
34
14
56
117
34
15
2
118
34
43
56
119
34
44
2
120
34
47
61
121
34
48
2
122
34
52
57
123
34
53
57
124
35
9
2
125
35
14
56
126
35
15
2
127
35
43
56
128
35
44
2
129
35
47
61
130
35
48
2
131
35
51
57
132
35
52
57
133
36
9
2
134
36
14
56
135
36
15
2
136
36
43
56
137
36
44
2
138
36
47
61
139
36
48
2
140
36
51
57
141
36
52
57
142
37
9
6
143
37
12
2
144
37
15
61
145
37
16
2
146
37
20
40
147
37
23
2
148
37
30
61
149
37
31
2
150
37
35
54
151
38
13
12
152
39
9
55
153
40
9
2
154
40
11
39
155
40
13
2
156
40
15
34
157
40
17
4
158
41
5
55
159
42
1
55
160
44
1
26
161
44
4
2
162
44
15
56
163
44
16
57
164
44
18
54
165
45
5
20
166
45
9
2
167
45
19
39
168
45
21
2
169
45
43
56
170
45
44
4
171
45
45
57
172
46
5
6
173
46
8
2
174
46
18
40
175
46
21
3
176
46
24
54
177
47
9
2
178
47
14
56
179
47
15
3
180
47
66
57
181
48
9
2
182
48
31
56
183
48
32
4
184
48
33
57
185
49
9
14
186
50
5
55
187
52
5
20
188
52
9
2
189
52
16
39
190
52
18
2
191
52
42
56
192
52
43
2
193
52
52
57
194
53
5
6
195
53
8
2
196
53
15
40
197
53
18
3
198
53
21
54
199
54
9
2
200
54
14
56
201
54
15
3
202
54
62
34
203
54
64
2
204
54
73
57
205
55
9
2
206
55
31
56
207
55
32
4
208
55
33
57
209
56
9
14
210
57
5
55
211
59
5
20
212
59
9
2
213
59
16
39
214
59
18
2
215
59
39
56
216
59
40
2
217
59
49
62
218
59
51
2
219
59
57
57
220
60
5
6
221
60
8
2
222
60
15
40
223
60
18
3
224
60
21
54
225
61
9
2
226
61
14
56
227
61
15
3
228
61
84
57
229
62
9
2
230
62
31
56
231
62
32
4
232
62
33
57
233
63
9
14
234
64
5
55
235
66
5
20
236
66
9
2
237
66
20
39
238
66
22
2
239
66
40
56
240
66
41
57
241
67
5
6
242
67
8
2
243
67
33
56
244
67
34
2
245
67
44
62
246
67
46
2
247
67
52
57
248
67
54
40
249
67
57
2
250
67
63
54
251
68
9
2
252
68
14
56
253
68
15
3
254
68
44
57
255
69
9
2
256
69
31
56
257
69
32
4
258
69
33
57
259
70
9
14
260
71
5
55
261
72
5
2
262
72
10
56
263
72
11
3
264
72
46
34
265
72
48
2
266
72
58
57
267
73
1
55
268
75
1
26
269
75
4
2
270
75
16
56
271
75
17
57
272
75
19
54
273
76
5
2
274
76
10
56
275
76
11
3
276
76
70
57
277
77
5
21
278
77
9
2
279
77
22
39
280
77
24
2
281
77
45
56
282
77
46
3
283
77
67
57
284
78
5
6
285
78
8
2
286
78
21
40
287
78
24
3
288
78
27
54
289
79
9
2
290
79
22
39
291
79
24
3
292
80
5
55
293
82
5
20
294
82
9
2
295
82
19
39
296
82
21
3
297
82
26
34
298
82
28
2
299
82
41
34
300
82
43
3
301
83
5
2
302
83
10
56
303
83
11
3
304
83
61
57
305
84
5
20
306
84
9
2
307
84
15
39
308
84
17
2
309
84
39
56
310
84
40
2
311
84
49
57
312
85
5
2
313
85
10
56
314
85
11
2
315
85
16
57
316
86
5
6
317
86
8
2
318
86
13
61
319
86
14
2
320
86
21
56
321
86
22
3
322
86
30
57
323
86
32
41
324
86
35
35
325
86
36
4
326
86
38
46
327
86
41
2
328
86
46
61
329
86
47
2
330
86
54
56
331
86
55
3
332
86
63
57
333
86
65
41
334
86
68
35
335
86
69
4
336
86
71
46
337
86
74
2
338
86
79
61
339
86
80
2
340
86
87
56
341
86
88
3
342
86
96
57
343
86
98
41
344
86
101
35
345
86
102
4
346
86
104
54
347
87
9
2
348
87
14
56
349
87
15
3
350
87
49
57
351
88
9
2
352
88
31
56
353
88
32
4
354
88
33
57
355
89
9
14
356
90
5
55
357
92
5
20
358
92
9
2
359
92
19
39
360
92
21
3
361
93
5
2
362
93
10
56
363
93
11
3
364
93
75
57
365
94
5
20
366
94
9
2
367
94
15
39
368
94
17
2
369
94
39
56
370
94
40
2
371
94
49
57
372
95
5
2
373
95
10
56
374
95
11
2
375
95
16
57
376
96
5
6
377
96
8
2
378
96
13
61
379
96
14
2
380
96
21
56
381
96
22
3
382
96
30
57
383
96
32
41
384
96
35
35
385
96
36
4
386
96
38
46
387
96
41
2
388
96
46
61
389
96
47
2
390
96
54
56
391
96
55
3
392
96
63
57
393
96
65
41
394
96
68
35
395
96
69
4
396
96
71
46
397
96
74
2
398
96
79
61
399
96
80
2
400
96
87
56
401
96
88
3
402
96
96
57
403
96
98
41
404
96
101
35
405
96
102
4
406
96
104
54
407
97
9
2
408
97
14
56
409
97
15
3
410
97
49
57
411
98
9
2
412
98
31
56
413
98
32
4
414
98
33
57
415
99
9
14
416
100
5
55
417
102
5
20
418
102
9
2
419
102
19
39
420
102
21
3
421
103
5
2
422
103
10
56
423
103
11
3
424
103
102
57
425
104
5
20
426
104
9
2
427
104
15
39
428
104
17
2
429
104
39
56
430
104
40
2
431
104
49
57
432
105
5
2
433
105
10
56
434
105
11
2
435
105
16
57
436
106
5
6
437
106
8
2
438
106
13
61
439
106
14
2
440
106
21
56
441
106
22
3
442
106
30
57
443
106
32
41
444
106
35
35
445
106
36
4
446
106
38
46
447
106
41
2
448
106
46
61
449
106
47
2
450
106
54
56
451
106
55
3
452
106
63
57
453
106
65
41
454
106
68
35
455
106
69
4
456
106
71
46
457
106
74
2
458
106
79
61
459
106
80
2
460
106
87
56
461
106
88
3
462
106
96
57
463
106
98
41
464
106
101
35
465
106
102
4
466
106
104
54
467
107
9
2
468
107
14
56
469
107
15
3
470
107
49
57
471
108
9
2
472
108
31
56
473
108
32
4
474
108
33
57
475
109
9
14
476
110
5
55
477
111
5
2
478
111
10
56
479
111
11
3
480
111
53
57
481
112
1
55
482
114
1
26
483
114
4
2
484
114
8
56
485
114
9
57
486
114
11
54
487
115
5
2
488
115
10
56
489
115
11
3
490
115
62
57
491
116
5
21
492
116
9
2
493
116
20
39
494
116
22
3
495
117
5
21
496
117
9
2
497
117
19
39
498
117
21
3
499
118
5
21
500
118
9
2
501
118
11
39
502
118
13
4
503
119
5
10
504
119
11
2
505
119
16
54
506
120
9
20
507
120
13
2
508
120
17
39
509
120
19
2
510
120
41
56
511
120
42
2
512
120
43
57
513
121
9
6
514
121
12
2
515
121
16
40
516
121
19
3
517
121
22
54
518
121
24
12
519
121
30
55
520
123
9
6
521
123
12
2
522
123
16
40
523
123
19
3
524
123
30
54
525
124
13
2
526
124
24
56
527
124
25
57
528
125
13
14
529
126
9
55
530
128
9
6
531
128
12
2
532
128
16
40
533
128
19
3
534
128
30
54
535
129
13
2
536
129
24
56
537
129
25
57
538
130
13
14
539
131
9
55
540
133
9
6
541
133
12
2
542
133
16
40
543
133
19
3
544
133
31
54
545
134
13
2
546
134
25
56
547
134
26
57
548
135
13
14
549
136
9
55
550
138
9
6
551
138
12
2
552
138
16
40
553
138
19
3
554
138
24
54
555
139
13
20
556
139
17
2
557
139
25
39
558
139
27
2
559
139
49
56
560
139
50
2
561
139
52
34
562
139
54
4
563
139
55
57
564
140
13
6
565
140
16
2
566
140
24
41
567
140
27
3
568
140
30
54
569
141
17
2
570
141
28
39
571
141
30
2
572
142
17
2
573
142
19
39
574
142
21
2
575
142
23
34
576
142
25
4
577
143
13
55
578
144
9
55
579
144
11
7
580
144
16
54
581
145
13
6
582
145
16
2
583
145
20
41
584
145
23
3
585
145
31
48
586
145
34
2
587
145
44
40
588
145
47
3
589
145
50
54
590
146
17
2
591
146
27
39
592
146
29
2
593
147
13
55
594
148
9
55
595
149
9
2
596
149
11
39
597
149
13
2
598
149
15
34
599
149
17
4
600
150
5
55
601
152
5
6
602
152
8
2
603
152
18
40
604
152
21
3
605
152
24
54
606
153
9
2
607
153
14
56
608
153
15
3
609
153
48
57
610
154
9
2
611
154
31
56
612
154
32
4
613
154
33
57
614
155
9
14
615
156
5
55
616
158
5
6
617
158
8
2
618
158
19
40
619
158
22
3
620
158
25
54
621
159
9
2
622
159
20
39
623
159
22
2
624
159
32
34
625
159
34
3
626
160
5
55
627
162
5
2
628
162
10
56
629
162
11
3
630
162
35
34
631
162
37
2
632
162
47
34
633
162
49
3
634
162
56
34
635
162
58
2
636
162
68
57
637
164
5
2
638
164
10
56
639
164
11
3
640
164
34
34
641
164
36
2
642
164
45
57
643
165
5
20
644
165
9
2
645
165
16
39
646
165
18
2
647
165
42
56
648
165
43
2
649
165
52
57
650
166
5
2
651
166
10
56
652
166
11
3
653
166
43
34
654
166
45
2
655
166
73
56
656
166
74
2
657
166
80
61
658
166
81
2
659
166
84
56
660
166
85
57
661
166
86
57
662
166
87
57
663
167
5
6
664
167
8
2
665
167
15
40
666
167
18
3
667
167
21
54
668
168
9
2
669
168
14
56
670
168
15
3
671
168
52
34
672
168
54
2
673
168
63
57
674
169
9
2
675
169
31
56
676
169
32
4
677
169
33
57
678
170
9
14
679
171
5
55
680
173
5
2
681
173
10
56
682
173
11
3
683
173
49
57
684
174
5
6
685
174
8
2
686
174
29
56
687
174
30
2
688
174
36
62
689
174
38
2
690
174
47
62
691
174
49
2
692
174
59
57
693
174
61
54
694
175
9
2
695
175
14
56
696
175
15
3
697
175
53
34
698
175
55
2
699
175
65
57
700
176
5
55
701
176
7
7
702
176
12
54
703
177
9
2
704
177
14
56
705
177
15
3
706
177
46
57
707
178
9
2
708
178
31
56
709
178
32
4
710
178
33
57
711
179
5
55
712
180
1
55
713
182
1
0
